00:00 +0: loading E:/flutter_projects/ramadan_project/test/widget_test.dart
flutter : test/widget
_test.dart:78:12: 
Error: Required 
named parameter 
'prefs' must be 
provided.
At line:1 char:1
+ flutter test > 
test_output.txt 2>&1
+ ~~~~~~~~~~~~~~~~~~~
~~~~~~~~~~~~~~~~
    + CategoryInfo   
           : NotSpe  
  cified: (test/wi   
 dget_tes...st be    
 provided.:Strin    
g) [], RemoteExc    
eption
    + FullyQualified 
   ErrorId : Native  
  CommandError
 
      MyApp(
           ^
lib/main.dart:121:9: 
Context: Found this 
candidate, but the 
arguments don't 
match.
  const MyApp({
        ^^^^^
00:00 +0 -1: loading E:/flutter_projects/ramadan_project/test/widget_test.dart [E]
  Failed to load "E:/flutter_projects/ramadan_project/test/widget_test.dart":
  Compilation failed for testPath=E:/flutter_projects/ramadan_project/test/widget_test.dart: test/widget_test.dart:78:12: Error: Required named parameter 'prefs' must be provided.
        MyApp(
             ^
  lib/main.dart:121:9: Context: Found this candidate, but the arguments don't match.
    const MyApp({
          ^^^^^
  .
00:00 +0 -1: Some tests failed.
